2026-06-05 01:51:01,984 INFO phase2: 
=== Phase 2 ORT: distilbert-base ===
2026-06-05 01:51:05,080 WARNING phase2: ONNX export failed: Module onnx is not installed!
2026-06-05 01:51:05,081 INFO phase2: Saved distilbert_base__fp32__ort__b1__s128.json
2026-06-05 01:51:07,200 WARNING phase2: ONNX export failed: Module onnx is not installed!
2026-06-05 01:51:07,201 INFO phase2: Saved distilbert_base__fp32__ort__b4__s128.json
2026-06-05 01:51:09,320 WARNING phase2: ONNX export failed: Module onnx is not installed!
2026-06-05 01:51:09,320 INFO phase2: Saved distilbert_base__fp32__ort__b16__s128.json
2026-06-05 01:51:11,502 WARNING phase2: ONNX export failed: Module onnx is not installed!
2026-06-05 01:51:11,502 INFO phase2: Saved distilbert_base__fp32__ort__b64__s128.json
2026-06-05 01:51:11,587 INFO phase2: 
=== Phase 2 ORT: bert-base ===
2026-06-05 01:51:12,516 WARNING phase2: ONNX export failed: BertModel.forward() got multiple values for argument 'use_cache'
2026-06-05 01:51:12,516 INFO phase2: Saved bert_base__fp32__ort__b1__s128.json
2026-06-05 01:51:13,531 WARNING phase2: ONNX export failed: BertModel.forward() got multiple values for argument 'use_cache'
2026-06-05 01:51:13,536 INFO phase2: Saved bert_base__fp32__ort__b4__s128.json
2026-06-05 01:51:14,551 WARNING phase2: ONNX export failed: BertModel.forward() got multiple values for argument 'use_cache'
2026-06-05 01:51:14,551 INFO phase2: Saved bert_base__fp32__ort__b16__s128.json
2026-06-05 01:51:15,547 WARNING phase2: ONNX export failed: BertModel.forward() got multiple values for argument 'use_cache'
2026-06-05 01:51:15,548 INFO phase2: Saved bert_base__fp32__ort__b64__s128.json
2026-06-05 01:51:15,628 INFO phase2: 
=== Phase 2 ORT: gpt2 ===
2026-06-05 01:51:16,675 WARNING phase2: ONNX export failed: GPT2Model.forward() got multiple values for argument 'use_cache'
2026-06-05 01:51:16,675 INFO phase2: Saved gpt2__fp32__ort__b1__s128.json
2026-06-05 01:51:17,799 WARNING phase2: ONNX export failed: GPT2Model.forward() got multiple values for argument 'use_cache'
2026-06-05 01:51:17,799 INFO phase2: Saved gpt2__fp32__ort__b4__s128.json
2026-06-05 01:51:18,916 WARNING phase2: ONNX export failed: GPT2Model.forward() got multiple values for argument 'use_cache'
2026-06-05 01:51:18,916 INFO phase2: Saved gpt2__fp32__ort__b16__s128.json
2026-06-05 01:51:20,039 WARNING phase2: ONNX export failed: GPT2Model.forward() got multiple values for argument 'use_cache'
2026-06-05 01:51:20,039 INFO phase2: Saved gpt2__fp32__ort__b64__s128.json
2026-06-05 01:51:20,123 INFO phase2: 
=== Phase 2 ORT: vit-s ===
2026-06-05 01:51:21,300 WARNING phase2: ONNX export failed: Module onnx is not installed!
2026-06-05 01:51:21,301 INFO phase2: Saved vit_s__fp32__ort__b1__s128.json
2026-06-05 01:51:22,096 WARNING phase2: ONNX export failed: Module onnx is not installed!
2026-06-05 01:51:22,096 INFO phase2: Saved vit_s__fp32__ort__b4__s128.json
2026-06-05 01:51:22,862 WARNING phase2: ONNX export failed: Module onnx is not installed!
2026-06-05 01:51:22,863 INFO phase2: Saved vit_s__fp32__ort__b16__s128.json
2026-06-05 01:51:23,639 WARNING phase2: ONNX export failed: Module onnx is not installed!
2026-06-05 01:51:23,639 INFO phase2: Saved vit_s__fp32__ort__b64__s128.json
2026-06-05 01:51:23,735 INFO phase2: 
=== Phase 2 ORT: resnet50 ===
2026-06-05 01:51:24,676 WARNING phase2: ONNX export failed: Module onnx is not installed!
2026-06-05 01:51:24,676 INFO phase2: Saved resnet50__fp32__ort__b1__s128.json
2026-06-05 01:51:25,651 WARNING phase2: ONNX export failed: Module onnx is not installed!
2026-06-05 01:51:25,651 INFO phase2: Saved resnet50__fp32__ort__b4__s128.json
2026-06-05 01:51:26,615 WARNING phase2: ONNX export failed: Module onnx is not installed!
2026-06-05 01:51:26,615 INFO phase2: Saved resnet50__fp32__ort__b16__s128.json
2026-06-05 01:51:27,583 WARNING phase2: ONNX export failed: Module onnx is not installed!
2026-06-05 01:51:27,583 INFO phase2: Saved resnet50__fp32__ort__b64__s128.json
2026-06-05 01:53:13,416 INFO phase2: 
=== Phase 2 ORT: distilbert-base ===
2026-06-05 01:53:16,510 INFO phase2: Exported ONNX: onnx_models/distilbert_base_b1_s128.onnx
2026-06-05 01:53:17,246 INFO phase2: Saved distilbert_base__fp32__ort__b1__s128.json
2026-06-05 01:53:17,742 INFO phase2: Saved distilbert_base__fp16__ort__b1__s128.json
2026-06-05 01:53:20,294 INFO phase2: Exported ONNX: onnx_models/distilbert_base_b4_s128.onnx
2026-06-05 01:53:21,050 INFO phase2: Saved distilbert_base__fp32__ort__b4__s128.json
2026-06-05 01:53:21,767 INFO phase2: Saved distilbert_base__fp16__ort__b4__s128.json
2026-06-05 01:53:25,875 INFO phase2: Exported ONNX: onnx_models/distilbert_base_b16_s128.onnx
2026-06-05 01:53:27,612 INFO phase2: Saved distilbert_base__fp32__ort__b16__s128.json
2026-06-05 01:53:29,330 INFO phase2: Saved distilbert_base__fp16__ort__b16__s128.json
2026-06-05 01:53:39,700 INFO phase2: Exported ONNX: onnx_models/distilbert_base_b64_s128.onnx
2026-06-05 01:53:46,267 INFO phase2: Saved distilbert_base__fp32__ort__b64__s128.json
2026-06-05 01:53:52,820 INFO phase2: Saved distilbert_base__fp16__ort__b64__s128.json
2026-06-05 01:54:11,220 INFO phase2: 
=== Phase 2 ORT: bert-base ===
2026-06-05 01:54:14,270 INFO phase2: Exported ONNX: onnx_models/bert_base_b1_s128.onnx
2026-06-05 01:54:14,985 INFO phase2: Saved bert_base__fp32__ort__b1__s128.json
2026-06-05 01:54:15,768 INFO phase2: Saved bert_base__fp16__ort__b1__s128.json
2026-06-05 01:54:23,002 INFO phase2: Exported ONNX: onnx_models/bert_base_b4_s128.onnx
2026-06-05 01:54:24,243 INFO phase2: Saved bert_base__fp32__ort__b4__s128.json
2026-06-05 01:54:25,455 INFO phase2: Saved bert_base__fp16__ort__b4__s128.json
2026-06-05 01:54:42,852 INFO phase2: Exported ONNX: onnx_models/bert_base_b16_s128.onnx
2026-06-05 01:54:46,084 INFO phase2: Saved bert_base__fp32__ort__b16__s128.json
2026-06-05 01:54:49,294 INFO phase2: Saved bert_base__fp16__ort__b16__s128.json
2026-06-05 01:55:08,933 INFO phase2: Exported ONNX: onnx_models/bert_base_b64_s128.onnx
2026-06-05 01:55:21,657 INFO phase2: Saved bert_base__fp32__ort__b64__s128.json
2026-06-05 01:55:34,392 INFO phase2: Saved bert_base__fp16__ort__b64__s128.json
2026-06-05 01:55:54,847 INFO phase2: 
=== Phase 2 ORT: gpt2 ===
2026-06-05 01:55:56,033 WARNING phase2: ONNX export failed: Only tuples, lists and Variables are supported as JIT inputs/outputs. Dictionaries and strings are also accepted, but their usage is not recommended. Here, received an input of unsupported type: DynamicCache
2026-06-05 01:55:56,034 INFO phase2: Saved gpt2__fp32__ort__b1__s128.json
2026-06-05 01:55:57,260 WARNING phase2: ONNX export failed: Only tuples, lists and Variables are supported as JIT inputs/outputs. Dictionaries and strings are also accepted, but their usage is not recommended. Here, received an input of unsupported type: DynamicCache
2026-06-05 01:55:57,261 INFO phase2: Saved gpt2__fp32__ort__b4__s128.json
2026-06-05 01:55:58,482 WARNING phase2: ONNX export failed: Only tuples, lists and Variables are supported as JIT inputs/outputs. Dictionaries and strings are also accepted, but their usage is not recommended. Here, received an input of unsupported type: DynamicCache
2026-06-05 01:55:58,484 INFO phase2: Saved gpt2__fp32__ort__b16__s128.json
2026-06-05 01:55:59,712 WARNING phase2: ONNX export failed: Only tuples, lists and Variables are supported as JIT inputs/outputs. Dictionaries and strings are also accepted, but their usage is not recommended. Here, received an input of unsupported type: DynamicCache
2026-06-05 01:55:59,713 INFO phase2: Saved gpt2__fp32__ort__b64__s128.json
2026-06-05 01:55:59,945 INFO phase2: 
=== Phase 2 ORT: vit-s ===
2026-06-05 01:56:01,094 INFO phase2: Exported ONNX: onnx_models/vit_s_b1_s128.onnx
2026-06-05 01:56:01,292 WARNING phase2: ORT FP32 failed: 'numpy.ndarray' object has no attribute 'keys'
2026-06-05 01:56:01,294 INFO phase2: Saved vit_s__fp32__ort__b1__s128.json
2026-06-05 01:56:01,472 INFO phase2: Saved vit_s__fp16__ort__b1__s128.json
2026-06-05 01:56:04,462 INFO phase2: Exported ONNX: onnx_models/vit_s_b4_s128.onnx
2026-06-05 01:56:04,716 WARNING phase2: ORT FP32 failed: 'numpy.ndarray' object has no attribute 'keys'
2026-06-05 01:56:04,716 INFO phase2: Saved vit_s__fp32__ort__b4__s128.json
2026-06-05 01:56:04,897 INFO phase2: Saved vit_s__fp16__ort__b4__s128.json
2026-06-05 01:56:05,902 INFO phase2: Exported ONNX: onnx_models/vit_s_b16_s128.onnx
2026-06-05 01:56:06,097 WARNING phase2: ORT FP32 failed: 'numpy.ndarray' object has no attribute 'keys'
2026-06-05 01:56:06,098 INFO phase2: Saved vit_s__fp32__ort__b16__s128.json
2026-06-05 01:56:06,313 INFO phase2: Saved vit_s__fp16__ort__b16__s128.json
2026-06-05 01:56:07,226 INFO phase2: Exported ONNX: onnx_models/vit_s_b64_s128.onnx
2026-06-05 01:56:07,443 WARNING phase2: ORT FP32 failed: 'numpy.ndarray' object has no attribute 'keys'
2026-06-05 01:56:07,444 INFO phase2: Saved vit_s__fp32__ort__b64__s128.json
2026-06-05 01:56:07,670 INFO phase2: Saved vit_s__fp16__ort__b64__s128.json
2026-06-05 01:56:09,862 INFO phase2: 
=== Phase 2 ORT: resnet50 ===
2026-06-05 01:56:10,811 INFO phase2: Exported ONNX: onnx_models/resnet50_b1_s128.onnx
2026-06-05 01:56:10,982 WARNING phase2: ORT FP32 failed: 'numpy.ndarray' object has no attribute 'keys'
2026-06-05 01:56:10,983 INFO phase2: Saved resnet50__fp32__ort__b1__s128.json
2026-06-05 01:56:11,139 INFO phase2: Saved resnet50__fp16__ort__b1__s128.json
2026-06-05 01:56:12,180 INFO phase2: Exported ONNX: onnx_models/resnet50_b4_s128.onnx
2026-06-05 01:56:12,340 WARNING phase2: ORT FP32 failed: 'numpy.ndarray' object has no attribute 'keys'
2026-06-05 01:56:12,341 INFO phase2: Saved resnet50__fp32__ort__b4__s128.json
2026-06-05 01:56:12,496 INFO phase2: Saved resnet50__fp16__ort__b4__s128.json
2026-06-05 01:56:13,542 INFO phase2: Exported ONNX: onnx_models/resnet50_b16_s128.onnx
2026-06-05 01:56:13,698 WARNING phase2: ORT FP32 failed: 'numpy.ndarray' object has no attribute 'keys'
2026-06-05 01:56:13,699 INFO phase2: Saved resnet50__fp32__ort__b16__s128.json
2026-06-05 01:56:13,953 INFO phase2: Saved resnet50__fp16__ort__b16__s128.json
2026-06-05 01:56:15,016 INFO phase2: Exported ONNX: onnx_models/resnet50_b64_s128.onnx
2026-06-05 01:56:15,190 WARNING phase2: ORT FP32 failed: 'numpy.ndarray' object has no attribute 'keys'
2026-06-05 01:56:15,191 INFO phase2: Saved resnet50__fp32__ort__b64__s128.json
2026-06-05 01:56:15,392 INFO phase2: Saved resnet50__fp16__ort__b64__s128.json
2026-06-05 01:59:36,118 INFO phase2: 
=== Phase 2 ORT: distilbert-base ===
2026-06-05 01:59:36,119 INFO phase2: SKIP: distilbert-base ort batch=1
2026-06-05 01:59:36,119 INFO phase2: SKIP: distilbert-base ort batch=4
2026-06-05 01:59:36,119 INFO phase2: SKIP: distilbert-base ort batch=16
2026-06-05 01:59:36,119 INFO phase2: SKIP: distilbert-base ort batch=64
2026-06-05 01:59:36,119 INFO phase2: 
=== Phase 2 ORT: bert-base ===
2026-06-05 01:59:36,119 INFO phase2: SKIP: bert-base ort batch=1
2026-06-05 01:59:36,119 INFO phase2: SKIP: bert-base ort batch=4
2026-06-05 01:59:36,119 INFO phase2: SKIP: bert-base ort batch=16
2026-06-05 01:59:36,119 INFO phase2: SKIP: bert-base ort batch=64
2026-06-05 01:59:36,119 INFO phase2: 
=== Phase 2 ORT: gpt2 ===
2026-06-05 01:59:40,942 INFO phase2: Exported ONNX: onnx_models/gpt2_b1_s128.onnx
2026-06-05 01:59:41,969 INFO phase2: Saved gpt2__fp32__ort__b1__s128.json
2026-06-05 01:59:42,780 INFO phase2: Saved gpt2__fp16__ort__b1__s128.json
2026-06-05 01:59:48,353 INFO phase2: Exported ONNX: onnx_models/gpt2_b4_s128.onnx
2026-06-05 01:59:49,727 INFO phase2: Saved gpt2__fp32__ort__b4__s128.json
2026-06-05 01:59:51,059 INFO phase2: Saved gpt2__fp16__ort__b4__s128.json
2026-06-05 01:59:56,645 INFO phase2: Exported ONNX: onnx_models/gpt2_b16_s128.onnx
2026-06-05 02:00:00,137 INFO phase2: Saved gpt2__fp32__ort__b16__s128.json
2026-06-05 02:00:03,623 INFO phase2: Saved gpt2__fp16__ort__b16__s128.json
2026-06-05 02:00:17,462 INFO phase2: Exported ONNX: onnx_models/gpt2_b64_s128.onnx
2026-06-05 02:00:31,143 INFO phase2: Saved gpt2__fp32__ort__b64__s128.json
2026-06-05 02:00:44,782 INFO phase2: Saved gpt2__fp16__ort__b64__s128.json
2026-06-05 02:01:05,240 INFO phase2: 
=== Phase 2 ORT: vit-s ===
2026-06-05 02:01:06,107 INFO phase2: Saved vit_s__fp32__ort__b1__s128.json
2026-06-05 02:01:06,392 INFO phase2: Saved vit_s__fp16__ort__b1__s128.json
2026-06-05 02:01:09,547 INFO phase2: Saved vit_s__fp32__ort__b4__s128.json
2026-06-05 02:01:09,749 INFO phase2: Saved vit_s__fp16__ort__b4__s128.json
2026-06-05 02:01:16,226 INFO phase2: Saved vit_s__fp32__ort__b16__s128.json
2026-06-05 02:01:16,481 INFO phase2: Saved vit_s__fp16__ort__b16__s128.json
2026-06-05 02:01:28,971 INFO phase2: Saved vit_s__fp32__ort__b64__s128.json
2026-06-05 02:01:29,215 INFO phase2: Saved vit_s__fp16__ort__b64__s128.json
2026-06-05 02:01:45,584 INFO phase2: 
=== Phase 2 ORT: resnet50 ===
2026-06-05 02:01:46,262 INFO phase2: Saved resnet50__fp32__ort__b1__s128.json
2026-06-05 02:01:46,410 INFO phase2: Saved resnet50__fp16__ort__b1__s128.json
2026-06-05 02:01:47,553 INFO phase2: Saved resnet50__fp32__ort__b4__s128.json
2026-06-05 02:01:47,726 INFO phase2: Saved resnet50__fp16__ort__b4__s128.json
2026-06-05 02:01:52,362 INFO phase2: Saved resnet50__fp32__ort__b16__s128.json
2026-06-05 02:01:52,523 INFO phase2: Saved resnet50__fp16__ort__b16__s128.json
2026-06-05 02:02:03,312 INFO phase2: Saved resnet50__fp32__ort__b64__s128.json
2026-06-05 02:02:03,483 INFO phase2: Saved resnet50__fp16__ort__b64__s128.json
