2026-06-04 08:42:56,577 INFO sweep: === Phase 0 sanity run ===
2026-06-04 08:42:56,581 INFO sweep: Loading FP16 reference for bert-base
2026-06-04 08:42:59,356 INFO sweep: Progress: 1/8
2026-06-04 08:42:59,356 INFO sweep: START: bert-base | fp32 | eager | batch=1 seq=128
2026-06-04 08:43:00,903 WARNING deterministic: Kernel profiling failed: 'FunctionEventAvg' object has no attribute 'self_cuda_time_total'
2026-06-04 08:43:09,344 INFO sweep: Saved bert_base__fp32__eager__b1__s128.json
2026-06-04 08:43:09,344 INFO sweep: Progress: 2/8
2026-06-04 08:43:09,344 INFO sweep: START: bert-base | fp32 | eager | batch=16 seq=128
2026-06-04 08:43:10,811 WARNING deterministic: Kernel profiling failed: 'FunctionEventAvg' object has no attribute 'self_cuda_time_total'
2026-06-04 08:44:00,049 INFO sweep: Saved bert_base__fp32__eager__b16__s128.json
2026-06-04 08:44:00,049 INFO sweep: Progress: 3/8
2026-06-04 08:44:00,049 INFO sweep: START: bert-base | fp32 | compile | batch=1 seq=128
2026-06-04 08:44:12,456 WARNING sweep: Compile warmup error: name 'torch' is not defined
2026-06-04 08:44:12,629 WARNING deterministic: Kernel profiling failed: name 'torch' is not defined
2026-06-04 08:44:12,630 ERROR sweep: Unexpected error: name 'torch' is not defined
Traceback (most recent call last):
  File "/home/shreya/Coding/optimizer_V2/edge_quant_bench/run_sweep.py", line 165, in run_one
    stats = time_model(run_fn, cooldown_fn=cooldown_fn)
            ^^^^^^^^^^^^^^^^^^^^^^^^^^^^^^^^^^^^^^^^^^^
  File "/home/shreya/Coding/optimizer_V2/edge_quant_bench/measure.py", line 18, in time_model
    run_fn()
  File "/home/shreya/Coding/optimizer_V2/edge_quant_bench/run_sweep.py", line 130, in run_fn
    def run_fn(): return compiled(**inputs)
                         ^^^^^^^^^^^^^^^^^^
  File "/home/shreya/venvs/fusion_qat/lib/python3.12/site-packages/torch/nn/modules/module.py", line 1739, in _wrapped_call_impl
    return self._call_impl(*args, **kwargs)
           ^^^^^^^^^^^^^^^^^^^^^^^^^^^^^^^^
  File "/home/shreya/venvs/fusion_qat/lib/python3.12/site-packages/torch/nn/modules/module.py", line 1750, in _call_impl
    return forward_call(*args, **kwargs)
           ^^^^^^^^^^^^^^^^^^^^^^^^^^^^^
  File "/home/shreya/venvs/fusion_qat/lib/python3.12/site-packages/torch/_dynamo/eval_frame.py", line 574, in _fn
    return fn(*args, **kwargs)
           ^^^^^^^^^^^^^^^^^^^
  File "/home/shreya/venvs/fusion_qat/lib/python3.12/site-packages/torch/nn/modules/module.py", line 1739, in _wrapped_call_impl
    return self._call_impl(*args, **kwargs)
           ^^^^^^^^^^^^^^^^^^^^^^^^^^^^^^^^
  File "/home/shreya/venvs/fusion_qat/lib/python3.12/site-packages/torch/nn/modules/module.py", line 1750, in _call_impl
    return forward_call(*args, **kwargs)
           ^^^^^^^^^^^^^^^^^^^^^^^^^^^^^
  File "/home/shreya/venvs/fusion_qat/lib/python3.12/site-packages/transformers/utils/generic.py", line 917, in wrapper
    output = func(self, *args, **kwargs)
             ^^^^^^^^^^^^^^^^^^^^^^^^^^^
  File "/home/shreya/venvs/fusion_qat/lib/python3.12/site-packages/transformers/utils/output_capturing.py", line 222, in wrapper
    @wraps(func)
NameError: name 'torch' is not defined
2026-06-04 08:44:12,833 INFO sweep: Saved bert_base__fp32__compile__b1__s128.json
2026-06-04 08:44:12,834 INFO sweep: Progress: 4/8
2026-06-04 08:44:12,834 INFO sweep: START: bert-base | fp32 | compile | batch=16 seq=128
2026-06-04 08:44:25,619 WARNING sweep: Compile warmup error: name 'torch' is not defined
2026-06-04 08:44:25,882 WARNING deterministic: Kernel profiling failed: name 'torch' is not defined
2026-06-04 08:44:25,883 ERROR sweep: Unexpected error: name 'torch' is not defined
Traceback (most recent call last):
  File "/home/shreya/Coding/optimizer_V2/edge_quant_bench/run_sweep.py", line 165, in run_one
    stats = time_model(run_fn, cooldown_fn=cooldown_fn)
            ^^^^^^^^^^^^^^^^^^^^^^^^^^^^^^^^^^^^^^^^^^^
  File "/home/shreya/Coding/optimizer_V2/edge_quant_bench/measure.py", line 18, in time_model
    run_fn()
  File "/home/shreya/Coding/optimizer_V2/edge_quant_bench/run_sweep.py", line 130, in run_fn
    def run_fn(): return compiled(**inputs)
                         ^^^^^^^^^^^^^^^^^^
  File "/home/shreya/venvs/fusion_qat/lib/python3.12/site-packages/torch/nn/modules/module.py", line 1739, in _wrapped_call_impl
    return self._call_impl(*args, **kwargs)
           ^^^^^^^^^^^^^^^^^^^^^^^^^^^^^^^^
  File "/home/shreya/venvs/fusion_qat/lib/python3.12/site-packages/torch/nn/modules/module.py", line 1750, in _call_impl
    return forward_call(*args, **kwargs)
           ^^^^^^^^^^^^^^^^^^^^^^^^^^^^^
  File "/home/shreya/venvs/fusion_qat/lib/python3.12/site-packages/torch/_dynamo/eval_frame.py", line 574, in _fn
    return fn(*args, **kwargs)
           ^^^^^^^^^^^^^^^^^^^
  File "/home/shreya/venvs/fusion_qat/lib/python3.12/site-packages/torch/nn/modules/module.py", line 1739, in _wrapped_call_impl
    return self._call_impl(*args, **kwargs)
           ^^^^^^^^^^^^^^^^^^^^^^^^^^^^^^^^
  File "/home/shreya/venvs/fusion_qat/lib/python3.12/site-packages/torch/nn/modules/module.py", line 1750, in _call_impl
    return forward_call(*args, **kwargs)
           ^^^^^^^^^^^^^^^^^^^^^^^^^^^^^
  File "/home/shreya/venvs/fusion_qat/lib/python3.12/site-packages/transformers/utils/generic.py", line 917, in wrapper
    output = func(self, *args, **kwargs)
             ^^^^^^^^^^^^^^^^^^^^^^^^^^^
  File "/home/shreya/venvs/fusion_qat/lib/python3.12/site-packages/transformers/utils/output_capturing.py", line 222, in wrapper
    @wraps(func)
NameError: name 'torch' is not defined
2026-06-04 08:44:26,173 INFO sweep: Saved bert_base__fp32__compile__b16__s128.json
2026-06-04 08:44:26,174 INFO sweep: Progress: 5/8
2026-06-04 08:44:26,174 INFO sweep: START: bert-base | fp16 | eager | batch=1 seq=128
2026-06-04 08:44:27,421 WARNING deterministic: Kernel profiling failed: 'FunctionEventAvg' object has no attribute 'self_cuda_time_total'
2026-06-04 08:44:35,083 INFO sweep: Saved bert_base__fp16__eager__b1__s128.json
2026-06-04 08:44:35,084 INFO sweep: Progress: 6/8
2026-06-04 08:44:35,084 INFO sweep: START: bert-base | fp16 | eager | batch=16 seq=128
2026-06-04 08:44:36,345 WARNING deterministic: Kernel profiling failed: 'FunctionEventAvg' object has no attribute 'self_cuda_time_total'
2026-06-04 08:45:03,182 INFO sweep: Saved bert_base__fp16__eager__b16__s128.json
2026-06-04 08:45:03,182 INFO sweep: Progress: 7/8
2026-06-04 08:45:03,182 INFO sweep: START: bert-base | fp16 | compile | batch=1 seq=128
2026-06-04 08:45:13,171 WARNING sweep: Compile warmup error: name 'torch' is not defined
2026-06-04 08:45:13,437 WARNING deterministic: Kernel profiling failed: name 'torch' is not defined
2026-06-04 08:45:13,438 ERROR sweep: Unexpected error: name 'torch' is not defined
Traceback (most recent call last):
  File "/home/shreya/Coding/optimizer_V2/edge_quant_bench/run_sweep.py", line 165, in run_one
    stats = time_model(run_fn, cooldown_fn=cooldown_fn)
            ^^^^^^^^^^^^^^^^^^^^^^^^^^^^^^^^^^^^^^^^^^^
  File "/home/shreya/Coding/optimizer_V2/edge_quant_bench/measure.py", line 18, in time_model
    run_fn()
  File "/home/shreya/Coding/optimizer_V2/edge_quant_bench/run_sweep.py", line 130, in run_fn
    def run_fn(): return compiled(**inputs)
                         ^^^^^^^^^^^^^^^^^^
  File "/home/shreya/venvs/fusion_qat/lib/python3.12/site-packages/torch/nn/modules/module.py", line 1739, in _wrapped_call_impl
    return self._call_impl(*args, **kwargs)
           ^^^^^^^^^^^^^^^^^^^^^^^^^^^^^^^^
  File "/home/shreya/venvs/fusion_qat/lib/python3.12/site-packages/torch/nn/modules/module.py", line 1750, in _call_impl
    return forward_call(*args, **kwargs)
           ^^^^^^^^^^^^^^^^^^^^^^^^^^^^^
  File "/home/shreya/venvs/fusion_qat/lib/python3.12/site-packages/torch/_dynamo/eval_frame.py", line 574, in _fn
    return fn(*args, **kwargs)
           ^^^^^^^^^^^^^^^^^^^
  File "/home/shreya/venvs/fusion_qat/lib/python3.12/site-packages/torch/nn/modules/module.py", line 1739, in _wrapped_call_impl
    return self._call_impl(*args, **kwargs)
           ^^^^^^^^^^^^^^^^^^^^^^^^^^^^^^^^
  File "/home/shreya/venvs/fusion_qat/lib/python3.12/site-packages/torch/nn/modules/module.py", line 1750, in _call_impl
    return forward_call(*args, **kwargs)
           ^^^^^^^^^^^^^^^^^^^^^^^^^^^^^
  File "/home/shreya/venvs/fusion_qat/lib/python3.12/site-packages/transformers/utils/generic.py", line 917, in wrapper
    output = func(self, *args, **kwargs)
             ^^^^^^^^^^^^^^^^^^^^^^^^^^^
  File "/home/shreya/venvs/fusion_qat/lib/python3.12/site-packages/transformers/utils/output_capturing.py", line 222, in wrapper
    @wraps(func)
NameError: name 'torch' is not defined
2026-06-04 08:45:13,755 INFO sweep: Saved bert_base__fp16__compile__b1__s128.json
2026-06-04 08:45:13,757 INFO sweep: Progress: 8/8
2026-06-04 08:45:13,757 INFO sweep: START: bert-base | fp16 | compile | batch=16 seq=128
2026-06-04 08:45:26,919 WARNING sweep: Compile warmup error: name 'torch' is not defined
2026-06-04 08:45:27,276 WARNING deterministic: Kernel profiling failed: name 'torch' is not defined
2026-06-04 08:45:27,277 ERROR sweep: Unexpected error: name 'torch' is not defined
Traceback (most recent call last):
  File "/home/shreya/Coding/optimizer_V2/edge_quant_bench/run_sweep.py", line 165, in run_one
    stats = time_model(run_fn, cooldown_fn=cooldown_fn)
            ^^^^^^^^^^^^^^^^^^^^^^^^^^^^^^^^^^^^^^^^^^^
  File "/home/shreya/Coding/optimizer_V2/edge_quant_bench/measure.py", line 18, in time_model
    run_fn()
  File "/home/shreya/Coding/optimizer_V2/edge_quant_bench/run_sweep.py", line 130, in run_fn
    def run_fn(): return compiled(**inputs)
                         ^^^^^^^^^^^^^^^^^^
  File "/home/shreya/venvs/fusion_qat/lib/python3.12/site-packages/torch/nn/modules/module.py", line 1739, in _wrapped_call_impl
    return self._call_impl(*args, **kwargs)
           ^^^^^^^^^^^^^^^^^^^^^^^^^^^^^^^^
  File "/home/shreya/venvs/fusion_qat/lib/python3.12/site-packages/torch/nn/modules/module.py", line 1750, in _call_impl
    return forward_call(*args, **kwargs)
           ^^^^^^^^^^^^^^^^^^^^^^^^^^^^^
  File "/home/shreya/venvs/fusion_qat/lib/python3.12/site-packages/torch/_dynamo/eval_frame.py", line 574, in _fn
    return fn(*args, **kwargs)
           ^^^^^^^^^^^^^^^^^^^
  File "/home/shreya/venvs/fusion_qat/lib/python3.12/site-packages/torch/nn/modules/module.py", line 1739, in _wrapped_call_impl
    return self._call_impl(*args, **kwargs)
           ^^^^^^^^^^^^^^^^^^^^^^^^^^^^^^^^
  File "/home/shreya/venvs/fusion_qat/lib/python3.12/site-packages/torch/nn/modules/module.py", line 1750, in _call_impl
    return forward_call(*args, **kwargs)
           ^^^^^^^^^^^^^^^^^^^^^^^^^^^^^
  File "/home/shreya/venvs/fusion_qat/lib/python3.12/site-packages/transformers/utils/generic.py", line 917, in wrapper
    output = func(self, *args, **kwargs)
             ^^^^^^^^^^^^^^^^^^^^^^^^^^^
  File "/home/shreya/venvs/fusion_qat/lib/python3.12/site-packages/transformers/utils/output_capturing.py", line 222, in wrapper
    @wraps(func)
NameError: name 'torch' is not defined
2026-06-04 08:45:27,652 INFO sweep: Saved bert_base__fp16__compile__b16__s128.json
2026-06-04 08:47:24,596 INFO sweep: === Phase 0 sanity run ===
2026-06-04 08:47:24,599 INFO sweep: Loading FP16 reference for bert-base
2026-06-04 08:47:26,557 INFO sweep: Progress: 1/8
2026-06-04 08:47:26,557 INFO sweep: SKIP (exists): bert_base__fp32__eager__b1__s128
2026-06-04 08:47:26,557 INFO sweep: Progress: 2/8
2026-06-04 08:47:26,557 INFO sweep: SKIP (exists): bert_base__fp32__eager__b16__s128
2026-06-04 08:47:26,557 INFO sweep: Progress: 3/8
2026-06-04 08:47:26,558 INFO sweep: START: bert-base | fp32 | compile | batch=1 seq=128
2026-06-04 08:47:31,226 WARNING sweep: Compile warmup error: name 'torch' is not defined
2026-06-04 08:47:31,352 WARNING deterministic: Kernel profiling failed: name 'torch' is not defined
2026-06-04 08:47:31,353 ERROR sweep: Unexpected error: name 'torch' is not defined
Traceback (most recent call last):
  File "/home/shreya/Coding/optimizer_V2/edge_quant_bench/run_sweep.py", line 169, in run_one
    stats = time_model(run_fn, cooldown_fn=cooldown_fn)
            ^^^^^^^^^^^^^^^^^^^^^^^^^^^^^^^^^^^^^^^^^^^
  File "/home/shreya/Coding/optimizer_V2/edge_quant_bench/measure.py", line 18, in time_model
    run_fn()
  File "/home/shreya/Coding/optimizer_V2/edge_quant_bench/run_sweep.py", line 134, in run_fn
    def run_fn(): return compiled(**inputs)
                         ^^^^^^^^^^^^^^^^^^
  File "/home/shreya/venvs/fusion_qat/lib/python3.12/site-packages/torch/nn/modules/module.py", line 1739, in _wrapped_call_impl
    return self._call_impl(*args, **kwargs)
           ^^^^^^^^^^^^^^^^^^^^^^^^^^^^^^^^
  File "/home/shreya/venvs/fusion_qat/lib/python3.12/site-packages/torch/nn/modules/module.py", line 1750, in _call_impl
    return forward_call(*args, **kwargs)
           ^^^^^^^^^^^^^^^^^^^^^^^^^^^^^
  File "/home/shreya/venvs/fusion_qat/lib/python3.12/site-packages/torch/_dynamo/eval_frame.py", line 574, in _fn
    return fn(*args, **kwargs)
           ^^^^^^^^^^^^^^^^^^^
  File "/home/shreya/venvs/fusion_qat/lib/python3.12/site-packages/torch/nn/modules/module.py", line 1739, in _wrapped_call_impl
    return self._call_impl(*args, **kwargs)
           ^^^^^^^^^^^^^^^^^^^^^^^^^^^^^^^^
  File "/home/shreya/venvs/fusion_qat/lib/python3.12/site-packages/torch/nn/modules/module.py", line 1750, in _call_impl
    return forward_call(*args, **kwargs)
           ^^^^^^^^^^^^^^^^^^^^^^^^^^^^^
  File "/home/shreya/venvs/fusion_qat/lib/python3.12/site-packages/transformers/utils/generic.py", line 917, in wrapper
    output = func(self, *args, **kwargs)
             ^^^^^^^^^^^^^^^^^^^^^^^^^^^
  File "/home/shreya/venvs/fusion_qat/lib/python3.12/site-packages/transformers/utils/output_capturing.py", line 222, in wrapper
    @wraps(func)
NameError: name 'torch' is not defined
2026-06-04 08:47:31,543 INFO sweep: Saved bert_base__fp32__compile__b1__s128.json
2026-06-04 08:47:31,544 INFO sweep: Progress: 4/8
2026-06-04 08:47:31,544 INFO sweep: START: bert-base | fp32 | compile | batch=16 seq=128
2026-06-04 08:47:37,328 WARNING sweep: Compile warmup error: name 'torch' is not defined
2026-06-04 08:47:37,556 WARNING deterministic: Kernel profiling failed: name 'torch' is not defined
2026-06-04 08:47:37,557 ERROR sweep: Unexpected error: name 'torch' is not defined
Traceback (most recent call last):
  File "/home/shreya/Coding/optimizer_V2/edge_quant_bench/run_sweep.py", line 169, in run_one
    stats = time_model(run_fn, cooldown_fn=cooldown_fn)
            ^^^^^^^^^^^^^^^^^^^^^^^^^^^^^^^^^^^^^^^^^^^
  File "/home/shreya/Coding/optimizer_V2/edge_quant_bench/measure.py", line 18, in time_model
    run_fn()
  File "/home/shreya/Coding/optimizer_V2/edge_quant_bench/run_sweep.py", line 134, in run_fn
    def run_fn(): return compiled(**inputs)
                         ^^^^^^^^^^^^^^^^^^
  File "/home/shreya/venvs/fusion_qat/lib/python3.12/site-packages/torch/nn/modules/module.py", line 1739, in _wrapped_call_impl
    return self._call_impl(*args, **kwargs)
           ^^^^^^^^^^^^^^^^^^^^^^^^^^^^^^^^
  File "/home/shreya/venvs/fusion_qat/lib/python3.12/site-packages/torch/nn/modules/module.py", line 1750, in _call_impl
    return forward_call(*args, **kwargs)
           ^^^^^^^^^^^^^^^^^^^^^^^^^^^^^
  File "/home/shreya/venvs/fusion_qat/lib/python3.12/site-packages/torch/_dynamo/eval_frame.py", line 574, in _fn
    return fn(*args, **kwargs)
           ^^^^^^^^^^^^^^^^^^^
  File "/home/shreya/venvs/fusion_qat/lib/python3.12/site-packages/torch/nn/modules/module.py", line 1739, in _wrapped_call_impl
    return self._call_impl(*args, **kwargs)
           ^^^^^^^^^^^^^^^^^^^^^^^^^^^^^^^^
  File "/home/shreya/venvs/fusion_qat/lib/python3.12/site-packages/torch/nn/modules/module.py", line 1750, in _call_impl
    return forward_call(*args, **kwargs)
           ^^^^^^^^^^^^^^^^^^^^^^^^^^^^^
  File "/home/shreya/venvs/fusion_qat/lib/python3.12/site-packages/transformers/utils/generic.py", line 917, in wrapper
    output = func(self, *args, **kwargs)
             ^^^^^^^^^^^^^^^^^^^^^^^^^^^
  File "/home/shreya/venvs/fusion_qat/lib/python3.12/site-packages/transformers/utils/output_capturing.py", line 222, in wrapper
    @wraps(func)
NameError: name 'torch' is not defined
2026-06-04 08:47:37,752 INFO sweep: Saved bert_base__fp32__compile__b16__s128.json
2026-06-04 08:47:37,753 INFO sweep: Progress: 5/8
2026-06-04 08:47:37,753 INFO sweep: SKIP (exists): bert_base__fp16__eager__b1__s128
2026-06-04 08:47:37,753 INFO sweep: Progress: 6/8
2026-06-04 08:47:37,753 INFO sweep: SKIP (exists): bert_base__fp16__eager__b16__s128
2026-06-04 08:47:37,753 INFO sweep: Progress: 7/8
2026-06-04 08:47:37,753 INFO sweep: START: bert-base | fp16 | compile | batch=1 seq=128
2026-06-04 08:47:41,262 WARNING sweep: Compile warmup error: name 'torch' is not defined
2026-06-04 08:47:41,435 WARNING deterministic: Kernel profiling failed: name 'torch' is not defined
2026-06-04 08:47:41,435 ERROR sweep: Unexpected error: name 'torch' is not defined
Traceback (most recent call last):
  File "/home/shreya/Coding/optimizer_V2/edge_quant_bench/run_sweep.py", line 169, in run_one
    stats = time_model(run_fn, cooldown_fn=cooldown_fn)
            ^^^^^^^^^^^^^^^^^^^^^^^^^^^^^^^^^^^^^^^^^^^
  File "/home/shreya/Coding/optimizer_V2/edge_quant_bench/measure.py", line 18, in time_model
    run_fn()
  File "/home/shreya/Coding/optimizer_V2/edge_quant_bench/run_sweep.py", line 134, in run_fn
    def run_fn(): return compiled(**inputs)
                         ^^^^^^^^^^^^^^^^^^
  File "/home/shreya/venvs/fusion_qat/lib/python3.12/site-packages/torch/nn/modules/module.py", line 1739, in _wrapped_call_impl
    return self._call_impl(*args, **kwargs)
           ^^^^^^^^^^^^^^^^^^^^^^^^^^^^^^^^
  File "/home/shreya/venvs/fusion_qat/lib/python3.12/site-packages/torch/nn/modules/module.py", line 1750, in _call_impl
    return forward_call(*args, **kwargs)
           ^^^^^^^^^^^^^^^^^^^^^^^^^^^^^
  File "/home/shreya/venvs/fusion_qat/lib/python3.12/site-packages/torch/_dynamo/eval_frame.py", line 574, in _fn
    return fn(*args, **kwargs)
           ^^^^^^^^^^^^^^^^^^^
  File "/home/shreya/venvs/fusion_qat/lib/python3.12/site-packages/torch/nn/modules/module.py", line 1739, in _wrapped_call_impl
    return self._call_impl(*args, **kwargs)
           ^^^^^^^^^^^^^^^^^^^^^^^^^^^^^^^^
  File "/home/shreya/venvs/fusion_qat/lib/python3.12/site-packages/torch/nn/modules/module.py", line 1750, in _call_impl
    return forward_call(*args, **kwargs)
           ^^^^^^^^^^^^^^^^^^^^^^^^^^^^^
  File "/home/shreya/venvs/fusion_qat/lib/python3.12/site-packages/transformers/utils/generic.py", line 917, in wrapper
    output = func(self, *args, **kwargs)
             ^^^^^^^^^^^^^^^^^^^^^^^^^^^
  File "/home/shreya/venvs/fusion_qat/lib/python3.12/site-packages/transformers/utils/output_capturing.py", line 222, in wrapper
    @wraps(func)
NameError: name 'torch' is not defined
2026-06-04 08:47:41,640 INFO sweep: Saved bert_base__fp16__compile__b1__s128.json
2026-06-04 08:47:41,641 INFO sweep: Progress: 8/8
2026-06-04 08:47:41,641 INFO sweep: START: bert-base | fp16 | compile | batch=16 seq=128
2026-06-04 08:47:48,164 WARNING sweep: Compile warmup error: name 'torch' is not defined
2026-06-04 08:47:48,369 WARNING deterministic: Kernel profiling failed: name 'torch' is not defined
2026-06-04 08:47:48,370 ERROR sweep: Unexpected error: name 'torch' is not defined
Traceback (most recent call last):
  File "/home/shreya/Coding/optimizer_V2/edge_quant_bench/run_sweep.py", line 169, in run_one
    stats = time_model(run_fn, cooldown_fn=cooldown_fn)
            ^^^^^^^^^^^^^^^^^^^^^^^^^^^^^^^^^^^^^^^^^^^
  File "/home/shreya/Coding/optimizer_V2/edge_quant_bench/measure.py", line 18, in time_model
    run_fn()
  File "/home/shreya/Coding/optimizer_V2/edge_quant_bench/run_sweep.py", line 134, in run_fn
    def run_fn(): return compiled(**inputs)
                         ^^^^^^^^^^^^^^^^^^
  File "/home/shreya/venvs/fusion_qat/lib/python3.12/site-packages/torch/nn/modules/module.py", line 1739, in _wrapped_call_impl
    return self._call_impl(*args, **kwargs)
           ^^^^^^^^^^^^^^^^^^^^^^^^^^^^^^^^
  File "/home/shreya/venvs/fusion_qat/lib/python3.12/site-packages/torch/nn/modules/module.py", line 1750, in _call_impl
    return forward_call(*args, **kwargs)
           ^^^^^^^^^^^^^^^^^^^^^^^^^^^^^
  File "/home/shreya/venvs/fusion_qat/lib/python3.12/site-packages/torch/_dynamo/eval_frame.py", line 574, in _fn
    return fn(*args, **kwargs)
           ^^^^^^^^^^^^^^^^^^^
  File "/home/shreya/venvs/fusion_qat/lib/python3.12/site-packages/torch/nn/modules/module.py", line 1739, in _wrapped_call_impl
    return self._call_impl(*args, **kwargs)
           ^^^^^^^^^^^^^^^^^^^^^^^^^^^^^^^^
  File "/home/shreya/venvs/fusion_qat/lib/python3.12/site-packages/torch/nn/modules/module.py", line 1750, in _call_impl
    return forward_call(*args, **kwargs)
           ^^^^^^^^^^^^^^^^^^^^^^^^^^^^^
  File "/home/shreya/venvs/fusion_qat/lib/python3.12/site-packages/transformers/utils/generic.py", line 917, in wrapper
    output = func(self, *args, **kwargs)
             ^^^^^^^^^^^^^^^^^^^^^^^^^^^
  File "/home/shreya/venvs/fusion_qat/lib/python3.12/site-packages/transformers/utils/output_capturing.py", line 222, in wrapper
    @wraps(func)
NameError: name 'torch' is not defined
2026-06-04 08:47:48,576 INFO sweep: Saved bert_base__fp16__compile__b16__s128.json
2026-06-04 08:51:11,263 INFO sweep: === Phase 0 sanity run ===
2026-06-04 08:51:11,266 INFO sweep: Loading FP16 reference for bert-base
2026-06-04 08:51:12,676 INFO sweep: Progress: 1/8
2026-06-04 08:51:12,676 INFO sweep: SKIP (exists): bert_base__fp32__eager__b1__s128
2026-06-04 08:51:12,676 INFO sweep: Progress: 2/8
2026-06-04 08:51:12,676 INFO sweep: SKIP (exists): bert_base__fp32__eager__b16__s128
2026-06-04 08:51:12,676 INFO sweep: Progress: 3/8
2026-06-04 08:51:12,676 INFO sweep: START: bert-base | fp32 | compile | batch=1 seq=128
2026-06-04 08:51:17,404 WARNING sweep: Compile warmup error: name 'torch' is not defined
2026-06-04 08:51:17,541 WARNING deterministic: Kernel profiling failed: name 'torch' is not defined
2026-06-04 08:51:17,542 ERROR sweep: Unexpected error: name 'torch' is not defined
Traceback (most recent call last):
  File "/home/shreya/Coding/optimizer_V2/edge_quant_bench/run_sweep.py", line 175, in run_one
    stats = time_model(run_fn, cooldown_fn=cooldown_fn)
            ^^^^^^^^^^^^^^^^^^^^^^^^^^^^^^^^^^^^^^^^^^^
  File "/home/shreya/Coding/optimizer_V2/edge_quant_bench/measure.py", line 18, in time_model
    run_fn()
  File "/home/shreya/Coding/optimizer_V2/edge_quant_bench/run_sweep.py", line 140, in run_fn
    def run_fn(): return compiled(**inputs)
                         ^^^^^^^^^^^^^^^^^^
  File "/home/shreya/venvs/fusion_qat/lib/python3.12/site-packages/torch/nn/modules/module.py", line 1739, in _wrapped_call_impl
    return self._call_impl(*args, **kwargs)
           ^^^^^^^^^^^^^^^^^^^^^^^^^^^^^^^^
  File "/home/shreya/venvs/fusion_qat/lib/python3.12/site-packages/torch/nn/modules/module.py", line 1750, in _call_impl
    return forward_call(*args, **kwargs)
           ^^^^^^^^^^^^^^^^^^^^^^^^^^^^^
  File "/home/shreya/venvs/fusion_qat/lib/python3.12/site-packages/torch/_dynamo/eval_frame.py", line 574, in _fn
    return fn(*args, **kwargs)
           ^^^^^^^^^^^^^^^^^^^
  File "/home/shreya/venvs/fusion_qat/lib/python3.12/site-packages/torch/nn/modules/module.py", line 1739, in _wrapped_call_impl
    return self._call_impl(*args, **kwargs)
           ^^^^^^^^^^^^^^^^^^^^^^^^^^^^^^^^
  File "/home/shreya/venvs/fusion_qat/lib/python3.12/site-packages/torch/nn/modules/module.py", line 1750, in _call_impl
    return forward_call(*args, **kwargs)
           ^^^^^^^^^^^^^^^^^^^^^^^^^^^^^
  File "/home/shreya/venvs/fusion_qat/lib/python3.12/site-packages/transformers/utils/generic.py", line 917, in wrapper
    output = func(self, *args, **kwargs)
             ^^^^^^^^^^^^^^^^^^^^^^^^^^^
  File "/home/shreya/venvs/fusion_qat/lib/python3.12/site-packages/transformers/utils/output_capturing.py", line 222, in wrapper
    @wraps(func)
NameError: name 'torch' is not defined
2026-06-04 08:51:17,725 INFO sweep: Saved bert_base__fp32__compile__b1__s128.json
2026-06-04 08:51:17,726 INFO sweep: Progress: 4/8
2026-06-04 08:51:17,726 INFO sweep: START: bert-base | fp32 | compile | batch=16 seq=128
2026-06-04 08:51:23,464 WARNING sweep: Compile warmup error: name 'torch' is not defined
2026-06-04 08:51:23,686 WARNING deterministic: Kernel profiling failed: name 'torch' is not defined
2026-06-04 08:51:23,687 ERROR sweep: Unexpected error: name 'torch' is not defined
Traceback (most recent call last):
  File "/home/shreya/Coding/optimizer_V2/edge_quant_bench/run_sweep.py", line 175, in run_one
    stats = time_model(run_fn, cooldown_fn=cooldown_fn)
            ^^^^^^^^^^^^^^^^^^^^^^^^^^^^^^^^^^^^^^^^^^^
  File "/home/shreya/Coding/optimizer_V2/edge_quant_bench/measure.py", line 18, in time_model
    run_fn()
  File "/home/shreya/Coding/optimizer_V2/edge_quant_bench/run_sweep.py", line 140, in run_fn
    def run_fn(): return compiled(**inputs)
                         ^^^^^^^^^^^^^^^^^^
  File "/home/shreya/venvs/fusion_qat/lib/python3.12/site-packages/torch/nn/modules/module.py", line 1739, in _wrapped_call_impl
    return self._call_impl(*args, **kwargs)
           ^^^^^^^^^^^^^^^^^^^^^^^^^^^^^^^^
  File "/home/shreya/venvs/fusion_qat/lib/python3.12/site-packages/torch/nn/modules/module.py", line 1750, in _call_impl
    return forward_call(*args, **kwargs)
           ^^^^^^^^^^^^^^^^^^^^^^^^^^^^^
  File "/home/shreya/venvs/fusion_qat/lib/python3.12/site-packages/torch/_dynamo/eval_frame.py", line 574, in _fn
    return fn(*args, **kwargs)
           ^^^^^^^^^^^^^^^^^^^
  File "/home/shreya/venvs/fusion_qat/lib/python3.12/site-packages/torch/nn/modules/module.py", line 1739, in _wrapped_call_impl
    return self._call_impl(*args, **kwargs)
           ^^^^^^^^^^^^^^^^^^^^^^^^^^^^^^^^
  File "/home/shreya/venvs/fusion_qat/lib/python3.12/site-packages/torch/nn/modules/module.py", line 1750, in _call_impl
    return forward_call(*args, **kwargs)
           ^^^^^^^^^^^^^^^^^^^^^^^^^^^^^
  File "/home/shreya/venvs/fusion_qat/lib/python3.12/site-packages/transformers/utils/generic.py", line 917, in wrapper
    output = func(self, *args, **kwargs)
             ^^^^^^^^^^^^^^^^^^^^^^^^^^^
  File "/home/shreya/venvs/fusion_qat/lib/python3.12/site-packages/transformers/utils/output_capturing.py", line 222, in wrapper
    @wraps(func)
NameError: name 'torch' is not defined
2026-06-04 08:51:23,875 INFO sweep: Saved bert_base__fp32__compile__b16__s128.json
2026-06-04 08:51:23,876 INFO sweep: Progress: 5/8
2026-06-04 08:51:23,876 INFO sweep: SKIP (exists): bert_base__fp16__eager__b1__s128
2026-06-04 08:51:23,876 INFO sweep: Progress: 6/8
2026-06-04 08:51:23,876 INFO sweep: SKIP (exists): bert_base__fp16__eager__b16__s128
2026-06-04 08:51:23,876 INFO sweep: Progress: 7/8
2026-06-04 08:51:23,877 INFO sweep: START: bert-base | fp16 | compile | batch=1 seq=128
2026-06-04 08:51:27,391 WARNING sweep: Compile warmup error: name 'torch' is not defined
2026-06-04 08:51:27,554 WARNING deterministic: Kernel profiling failed: name 'torch' is not defined
2026-06-04 08:51:27,554 ERROR sweep: Unexpected error: name 'torch' is not defined
Traceback (most recent call last):
  File "/home/shreya/Coding/optimizer_V2/edge_quant_bench/run_sweep.py", line 175, in run_one
    stats = time_model(run_fn, cooldown_fn=cooldown_fn)
            ^^^^^^^^^^^^^^^^^^^^^^^^^^^^^^^^^^^^^^^^^^^
  File "/home/shreya/Coding/optimizer_V2/edge_quant_bench/measure.py", line 18, in time_model
    run_fn()
  File "/home/shreya/Coding/optimizer_V2/edge_quant_bench/run_sweep.py", line 140, in run_fn
    def run_fn(): return compiled(**inputs)
                         ^^^^^^^^^^^^^^^^^^
  File "/home/shreya/venvs/fusion_qat/lib/python3.12/site-packages/torch/nn/modules/module.py", line 1739, in _wrapped_call_impl
    return self._call_impl(*args, **kwargs)
           ^^^^^^^^^^^^^^^^^^^^^^^^^^^^^^^^
  File "/home/shreya/venvs/fusion_qat/lib/python3.12/site-packages/torch/nn/modules/module.py", line 1750, in _call_impl
    return forward_call(*args, **kwargs)
           ^^^^^^^^^^^^^^^^^^^^^^^^^^^^^
  File "/home/shreya/venvs/fusion_qat/lib/python3.12/site-packages/torch/_dynamo/eval_frame.py", line 574, in _fn
    return fn(*args, **kwargs)
           ^^^^^^^^^^^^^^^^^^^
  File "/home/shreya/venvs/fusion_qat/lib/python3.12/site-packages/torch/nn/modules/module.py", line 1739, in _wrapped_call_impl
    return self._call_impl(*args, **kwargs)
           ^^^^^^^^^^^^^^^^^^^^^^^^^^^^^^^^
  File "/home/shreya/venvs/fusion_qat/lib/python3.12/site-packages/torch/nn/modules/module.py", line 1750, in _call_impl
    return forward_call(*args, **kwargs)
           ^^^^^^^^^^^^^^^^^^^^^^^^^^^^^
  File "/home/shreya/venvs/fusion_qat/lib/python3.12/site-packages/transformers/utils/generic.py", line 917, in wrapper
    output = func(self, *args, **kwargs)
             ^^^^^^^^^^^^^^^^^^^^^^^^^^^
  File "/home/shreya/venvs/fusion_qat/lib/python3.12/site-packages/transformers/utils/output_capturing.py", line 222, in wrapper
    @wraps(func)
NameError: name 'torch' is not defined
2026-06-04 08:51:27,762 INFO sweep: Saved bert_base__fp16__compile__b1__s128.json
2026-06-04 08:51:27,763 INFO sweep: Progress: 8/8
2026-06-04 08:51:27,763 INFO sweep: START: bert-base | fp16 | compile | batch=16 seq=128
2026-06-04 08:51:34,021 WARNING sweep: Compile warmup error: name 'torch' is not defined
2026-06-04 08:51:34,237 WARNING deterministic: Kernel profiling failed: name 'torch' is not defined
2026-06-04 08:51:34,237 ERROR sweep: Unexpected error: name 'torch' is not defined
Traceback (most recent call last):
  File "/home/shreya/Coding/optimizer_V2/edge_quant_bench/run_sweep.py", line 175, in run_one
    stats = time_model(run_fn, cooldown_fn=cooldown_fn)
            ^^^^^^^^^^^^^^^^^^^^^^^^^^^^^^^^^^^^^^^^^^^
  File "/home/shreya/Coding/optimizer_V2/edge_quant_bench/measure.py", line 18, in time_model
    run_fn()
  File "/home/shreya/Coding/optimizer_V2/edge_quant_bench/run_sweep.py", line 140, in run_fn
    def run_fn(): return compiled(**inputs)
                         ^^^^^^^^^^^^^^^^^^
  File "/home/shreya/venvs/fusion_qat/lib/python3.12/site-packages/torch/nn/modules/module.py", line 1739, in _wrapped_call_impl
    return self._call_impl(*args, **kwargs)
           ^^^^^^^^^^^^^^^^^^^^^^^^^^^^^^^^
  File "/home/shreya/venvs/fusion_qat/lib/python3.12/site-packages/torch/nn/modules/module.py", line 1750, in _call_impl
    return forward_call(*args, **kwargs)
           ^^^^^^^^^^^^^^^^^^^^^^^^^^^^^
  File "/home/shreya/venvs/fusion_qat/lib/python3.12/site-packages/torch/_dynamo/eval_frame.py", line 574, in _fn
    return fn(*args, **kwargs)
           ^^^^^^^^^^^^^^^^^^^
  File "/home/shreya/venvs/fusion_qat/lib/python3.12/site-packages/torch/nn/modules/module.py", line 1739, in _wrapped_call_impl
    return self._call_impl(*args, **kwargs)
           ^^^^^^^^^^^^^^^^^^^^^^^^^^^^^^^^
  File "/home/shreya/venvs/fusion_qat/lib/python3.12/site-packages/torch/nn/modules/module.py", line 1750, in _call_impl
    return forward_call(*args, **kwargs)
           ^^^^^^^^^^^^^^^^^^^^^^^^^^^^^
  File "/home/shreya/venvs/fusion_qat/lib/python3.12/site-packages/transformers/utils/generic.py", line 917, in wrapper
    output = func(self, *args, **kwargs)
             ^^^^^^^^^^^^^^^^^^^^^^^^^^^
  File "/home/shreya/venvs/fusion_qat/lib/python3.12/site-packages/transformers/utils/output_capturing.py", line 222, in wrapper
    @wraps(func)
NameError: name 'torch' is not defined
2026-06-04 08:51:34,446 INFO sweep: Saved bert_base__fp16__compile__b16__s128.json
2026-06-04 08:56:36,718 INFO sweep: === Phase 0 sanity run ===
2026-06-04 08:56:36,721 INFO sweep: Loading FP16 reference for bert-base
2026-06-04 08:56:38,160 INFO sweep: Progress: 1/8
2026-06-04 08:56:38,161 INFO sweep: SKIP (exists): bert_base__fp32__eager__b1__s128
2026-06-04 08:56:38,161 INFO sweep: Progress: 2/8
2026-06-04 08:56:38,161 INFO sweep: SKIP (exists): bert_base__fp32__eager__b16__s128
2026-06-04 08:56:38,161 INFO sweep: Progress: 3/8
2026-06-04 08:56:38,161 INFO sweep: START: bert-base | fp32 | compile | batch=1 seq=128
2026-06-04 08:56:48,590 INFO sweep: Saved bert_base__fp32__compile__b1__s128.json
2026-06-04 08:56:48,591 INFO sweep: Progress: 4/8
2026-06-04 08:56:48,591 INFO sweep: START: bert-base | fp32 | compile | batch=16 seq=128
2026-06-04 08:57:41,427 INFO sweep: Saved bert_base__fp32__compile__b16__s128.json
2026-06-04 08:57:41,428 INFO sweep: Progress: 5/8
2026-06-04 08:57:41,428 INFO sweep: SKIP (exists): bert_base__fp16__eager__b1__s128
2026-06-04 08:57:41,428 INFO sweep: Progress: 6/8
2026-06-04 08:57:41,428 INFO sweep: SKIP (exists): bert_base__fp16__eager__b16__s128
2026-06-04 08:57:41,428 INFO sweep: Progress: 7/8
2026-06-04 08:57:41,429 INFO sweep: START: bert-base | fp16 | compile | batch=1 seq=128
2026-06-04 08:57:56,175 INFO sweep: Saved bert_base__fp16__compile__b1__s128.json
2026-06-04 08:57:56,176 INFO sweep: Progress: 8/8
2026-06-04 08:57:56,176 INFO sweep: START: bert-base | fp16 | compile | batch=16 seq=128
2026-06-04 08:58:59,552 INFO sweep: Saved bert_base__fp16__compile__b16__s128.json
